// Vitest Snapshot v1, https://vitest.dev/guide/snapshot.html

exports[`HomePage > matches snapshot. 1`] = `
<DocumentFragment>
  <main
    class="HomePage"
  >
    <h1>
      Yodlr Design Challenge
    </h1>
    <button
      class="btn btn-outline-primary"
    >
      <a
        data-discover="true"
        href="/signup"
      >
        Registration Page
      </a>
    </button>
    <button
      class="btn btn-outline-primary"
    >
      <a
        data-discover="true"
        href="/admin"
      >
        Admin Page
      </a>
    </button>
  </main>
</DocumentFragment>
`;
